[     688ms] [ERROR] Failed to load resource: net::ERR_CONNECTION_CLOSED @ https://fonts.googleapis.com/css2?family=Fraunces:opsz,wght@9..144,400..700&family=Hanken+Grotesk:wght@400..800&family=Plus+Jakarta+Sans:wght@400..800&family=Archivo:wght@400..800&family=Space+Mono:wght@400;700&family=JetBrains+Mono:wght@400;600;700&family=Anton&display=swap:0
[ 2206033ms] [LOG] [vite] server connection lost. Polling for restart... @ http://[::1]:3030/@vite/client:992
[ 2444909ms] [ERROR] Failed to load resource: net::ERR_CONNECTION_TIMED_OUT @ https://fonts.googleapis.com/css2?family=Fraunces:opsz,wght@9..144,400..700&family=Hanken+Grotesk:wght@400..800&family=Plus+Jakarta+Sans:wght@400..800&family=Archivo:wght@400..800&family=Space+Mono:wght@400;700&family=JetBrains+Mono:wght@400;600;700&family=Anton&display=swap:0
[ 3618558ms] [ERROR] Failed to load resource: the server responded with a status of 500 (Internal Server Error) @ http://[::1]:3030/slides.md__slidev_11.md?import&t=1785077973800:0
[ 3618559ms] [INFO] [hmr] /slides.md__slidev_11.md failed to apply HMR as it's within a circular import. Reloading page to reset the execution order. To debug and break the circular import, you can run `vite --debug hmr` to log the circular dependency path if a file change triggered it. @ http://[::1]:3030/@vite/client:944
[ 3618559ms] [ERROR] [vite] Failed to reload /slides.md__slidev_11.md. This could be due to syntax errors or importing non-existent modules. (see errors above) @ http://[::1]:3030/@vite/client:524
[ 3620405ms] [ERROR] Failed to load resource: the server responded with a status of 500 (Internal Server Error) @ http://[::1]:3030/slides.md__slidev_11.md?import&t=1785077973800:0
[ 3620405ms] [ERROR] slide failed to load TypeError: Failed to fetch dynamically imported module: http://[::1]:3030/@slidev/slides/11/md?t=1785077973800 @ http://[::1]:3030/@vite/client:524
[ 3620409ms] [ERROR] slide failed to load TypeError: Failed to fetch dynamically imported module: http://[::1]:3030/@slidev/slides/11/md?t=1785077973800 @ http://[::1]:3030/@vite/client:524
[ 3623241ms] [ERROR] slide failed to load TypeError: Failed to fetch dynamically imported module: http://[::1]:3030/@slidev/slides/11/md?t=1785077973800 @ http://[::1]:3030/@vite/client:524
[ 3694522ms] [ERROR] Failed to load resource: net::ERR_CONNECTION_TIMED_OUT @ https://fonts.googleapis.com/css2?family=Fraunces:opsz,wght@9..144,400..700&family=Hanken+Grotesk:wght@400..800&family=Plus+Jakarta+Sans:wght@400..800&family=Archivo:wght@400..800&family=Space+Mono:wght@400;700&family=JetBrains+Mono:wght@400;600;700&family=Anton&display=swap:0
[ 3737960ms] [ERROR] Failed to load resource: the server responded with a status of 500 (Internal Server Error) @ http://[::1]:3030/slides.md__slidev_11.md?t=1785077973800&import:0
[ 3737963ms] [ERROR] slide failed to load TypeError: Failed to fetch dynamically imported module: http://[::1]:3030/@slidev/slides/11/md?t=1785077973800 @ http://[::1]:3030/@vite/client:524
[ 3737964ms] [ERROR] slide failed to load TypeError: Failed to fetch dynamically imported module: http://[::1]:3030/@slidev/slides/11/md?t=1785077973800 @ http://[::1]:3030/@vite/client:524
[ 3740735ms] [ERROR] slide failed to load TypeError: Failed to fetch dynamically imported module: http://[::1]:3030/@slidev/slides/11/md?t=1785077973800 @ http://[::1]:3030/@vite/client:524
[ 3812194ms] [ERROR] Failed to load resource: net::ERR_CONNECTION_TIMED_OUT @ https://fonts.googleapis.com/css2?family=Fraunces:opsz,wght@9..144,400..700&family=Hanken+Grotesk:wght@400..800&family=Plus+Jakarta+Sans:wght@400..800&family=Archivo:wght@400..800&family=Space+Mono:wght@400;700&family=JetBrains+Mono:wght@400;600;700&family=Anton&display=swap:0
[ 3908734ms] [ERROR] Failed to load resource: net::ERR_CONNECTION_TIMED_OUT @ https://fonts.googleapis.com/css2?family=Fraunces:opsz,wght@9..144,400..700&family=Hanken+Grotesk:wght@400..800&family=Plus+Jakarta+Sans:wght@400..800&family=Archivo:wght@400..800&family=Space+Mono:wght@400;700&family=JetBrains+Mono:wght@400;600;700&family=Anton&display=swap:0
[ 3981971ms] [WARNING] [tahta] slide content overflows even at min scale (0.42): 490px of content in a 76px frame — split this slide or trim its content. @ http://[::1]:3030/@vite/client:524
[ 7113382ms] [LOG] [vite] server connection lost. Polling for restart... @ http://[::1]:3030/@vite/client:992
[ 8044603ms] [LOG] [vite] server connection lost. Polling for restart... @ http://[::1]:3030/@vite/client:992
[ 8044738ms] [ERROR] Failed to load resource: net::ERR_NETWORK_IO_SUSPENDED @ https://fonts.googleapis.com/css2?family=Fraunces:opsz,wght@9..144,400..700&family=Hanken+Grotesk:wght@400..800&family=Plus+Jakarta+Sans:wght@400..800&family=Archivo:wght@400..800&family=Space+Mono:wght@400;700&family=JetBrains+Mono:wght@400;600;700&family=Anton&display=swap:0
[ 9036772ms] [ERROR] Failed to load resource: net::ERR_CONNECTION_TIMED_OUT @ https://fonts.googleapis.com/css2?family=Fraunces:opsz,wght@9..144,400..700&family=Hanken+Grotesk:wght@400..800&family=Plus+Jakarta+Sans:wght@400..800&family=Archivo:wght@400..800&family=Space+Mono:wght@400;700&family=JetBrains+Mono:wght@400;600;700&family=Anton&display=swap:0
[10790708ms] [LOG] [vite] server connection lost. Polling for restart... @ http://[::1]:3030/@vite/client:992
[80890444ms] [ERROR] Failed to load resource: net::ERR_CONNECTION_CLOSED @ https://fonts.googleapis.com/css2?family=Fraunces:opsz,wght@9..144,400..700&family=Hanken+Grotesk:wght@400..800&family=Plus+Jakarta+Sans:wght@400..800&family=Archivo:wght@400..800&family=Space+Mono:wght@400;700&family=JetBrains+Mono:wght@400;600;700&family=Anton&display=swap:0
[82438668ms] [ERROR] Failed to load resource: the server responded with a status of 500 (Internal Server Error) @ http://[::1]:3030/slides.md__slidev_10.md?import&t=1785156793885:0
[82438668ms] [INFO] [hmr] /slides.md__slidev_10.md failed to apply HMR as it's within a circular import. Reloading page to reset the execution order. To debug and break the circular import, you can run `vite --debug hmr` to log the circular dependency path if a file change triggered it. @ http://[::1]:3030/@vite/client:944
[82438668ms] [ERROR] [vite] Failed to reload /slides.md__slidev_10.md. This could be due to syntax errors or importing non-existent modules. (see errors above) @ http://[::1]:3030/@vite/client:524
[82440196ms] [ERROR] Failed to load resource: net::ERR_CONNECTION_CLOSED @ https://fonts.googleapis.com/css2?family=Fraunces:opsz,wght@9..144,400..700&family=Hanken+Grotesk:wght@400..800&family=Plus+Jakarta+Sans:wght@400..800&family=Archivo:wght@400..800&family=Space+Mono:wght@400;700&family=JetBrains+Mono:wght@400;600;700&family=Anton&display=swap:0
[82443294ms] [ERROR] Failed to load resource: the server responded with a status of 500 (Internal Server Error) @ http://[::1]:3030/slides.md__slidev_10.md?import&t=1785156793885:0
[82443295ms] [ERROR] slide failed to load TypeError: Failed to fetch dynamically imported module: http://[::1]:3030/@slidev/slides/10/md?t=1785156793885 @ http://[::1]:3030/@vite/client:524
[82443296ms] [ERROR] slide failed to load TypeError: Failed to fetch dynamically imported module: http://[::1]:3030/@slidev/slides/10/md?t=1785156793885 @ http://[::1]:3030/@vite/client:524
[82457391ms] [ERROR] Failed to load resource: the server responded with a status of 500 (Internal Server Error) @ http://[::1]:3030/slides.md__slidev_10.md?t=1785156812383&import:0
[82457391ms] [ERROR] slide failed to load TypeError: Failed to fetch dynamically imported module: http://[::1]:3030/@slidev/slides/10/md?t=1785156812383 @ http://[::1]:3030/@vite/client:524
[82460215ms] [ERROR] slide failed to load TypeError: Failed to fetch dynamically imported module: http://[::1]:3030/@slidev/slides/10/md?t=1785156812383 @ http://[::1]:3030/@vite/client:524
[82482317ms] [ERROR] Failed to load resource: the server responded with a status of 500 (Internal Server Error) @ http://[::1]:3030/slides.md__slidev_10.md?t=1785156837230&import:0
[82482317ms] [ERROR] slide failed to load TypeError: Failed to fetch dynamically imported module: http://[::1]:3030/@slidev/slides/10/md?t=1785156837230 @ http://[::1]:3030/@vite/client:524
[82485163ms] [ERROR] slide failed to load TypeError: Failed to fetch dynamically imported module: http://[::1]:3030/@slidev/slides/10/md?t=1785156837230 @ http://[::1]:3030/@vite/client:524
[82516430ms] [ERROR] slide failed to load TypeError: Failed to fetch dynamically imported module: http://[::1]:3030/@slidev/slides/10/md?t=1785156837230 @ http://[::1]:3030/@vite/client:524
[82522436ms] [ERROR] slide failed to load TypeError: Failed to fetch dynamically imported module: http://[::1]:3030/@slidev/slides/10/md?t=1785156837230 @ http://[::1]:3030/@vite/client:524
[82523438ms] [ERROR] slide failed to load TypeError: Failed to fetch dynamically imported module: http://[::1]:3030/@slidev/slides/10/md?t=1785156837230 @ http://[::1]:3030/@vite/client:524
[82537198ms] [ERROR] Failed to load resource: the server responded with a status of 500 (Internal Server Error) @ http://[::1]:3030/slides.md__slidev_10.md?t=1785156891989&import:0
[82537198ms] [ERROR] slide failed to load TypeError: Failed to fetch dynamically imported module: http://[::1]:3030/@slidev/slides/10/md?t=1785156891989 @ http://[::1]:3030/@vite/client:524
[82539944ms] [ERROR] slide failed to load TypeError: Failed to fetch dynamically imported module: http://[::1]:3030/@slidev/slides/10/md?t=1785156891989 @ http://[::1]:3030/@vite/client:524
[86767615ms] [ERROR] Failed to load resource: net::ERR_CONNECTION_CLOSED @ https://fonts.googleapis.com/css2?family=Fraunces:opsz,wght@9..144,400..700&family=Hanken+Grotesk:wght@400..800&family=Plus+Jakarta+Sans:wght@400..800&family=Archivo:wght@400..800&family=Space+Mono:wght@400;700&family=JetBrains+Mono:wght@400;600;700&family=Anton&display=swap:0
[87019141ms] [LOG] [vite] server connection lost. Polling for restart... @ http://[::1]:3030/@vite/client:992
[87023273ms] [ERROR] Failed to load resource: net::ERR_CONNECTION_CLOSED @ https://fonts.googleapis.com/css2?family=Fraunces:opsz,wght@9..144,400..700&family=Hanken+Grotesk:wght@400..800&family=Plus+Jakarta+Sans:wght@400..800&family=Archivo:wght@400..800&family=Space+Mono:wght@400;700&family=JetBrains+Mono:wght@400;600;700&family=Anton&display=swap:0
[87027220ms] [WARNING] The resource http://[::1]:3030/assets/brain-memory-regions-gpt-image-2.png was preloaded using link preload but not used within a few seconds from the window's load event. Please make sure it has an appropriate `as` value and it is preloaded intentionally. @ http://[::1]:3030/12?clicks=0:0
[87027220ms] [WARNING] The resource http://[::1]:3030/assets/hermann-ebbinghaus-portrait.png was preloaded using link preload but not used within a few seconds from the window's load event. Please make sure it has an appropriate `as` value and it is preloaded intentionally. @ http://[::1]:3030/12?clicks=0:0
