[     564ms] [ERROR] Failed to load resource: net::ERR_CONNECTION_CLOSED @ https://fonts.googleapis.com/css2?family=Fraunces:opsz,wght@9..144,400..700&family=Hanken+Grotesk:wght@400..800&family=Plus+Jakarta+Sans:wght@400..800&family=Archivo:wght@400..800&family=Space+Mono:wght@400;700&family=JetBrains+Mono:wght@400;600;700&family=Anton&display=swap:0
[ 4275664ms] [LOG] [vite] server connection lost. Polling for restart... @ http://localhost:3030/@vite/client:992
[ 4439839ms] [ERROR] Failed to load resource: net::ERR_CONNECTION_CLOSED @ https://fonts.googleapis.com/css2?family=Fraunces:opsz,wght@9..144,400..700&family=Hanken+Grotesk:wght@400..800&family=Plus+Jakarta+Sans:wght@400..800&family=Archivo:wght@400..800&family=Space+Mono:wght@400;700&family=JetBrains+Mono:wght@400;600;700&family=Anton&display=swap:0
[ 5688192ms] [ERROR] Failed to load resource: the server responded with a status of 500 (Internal Server Error) @ http://localhost:3030/slides.md__slidev_11.md?import&t=1785077973800:0
[ 5688192ms] [INFO] [hmr] /slides.md__slidev_11.md failed to apply HMR as it's within a circular import. Reloading page to reset the execution order. To debug and break the circular import, you can run `vite --debug hmr` to log the circular dependency path if a file change triggered it. @ http://localhost:3030/@vite/client:944
[ 5688193ms] [ERROR] [vite] Failed to reload /slides.md__slidev_11.md. This could be due to syntax errors or importing non-existent modules. (see errors above) @ http://localhost:3030/@vite/client:524
[ 5690110ms] [ERROR] Failed to load resource: the server responded with a status of 500 (Internal Server Error) @ http://localhost:3030/slides.md__slidev_11.md?import&t=1785077973800:0
[ 5690111ms] [ERROR] slide failed to load TypeError: Failed to fetch dynamically imported module: http://localhost:3030/@slidev/slides/11/md?t=1785077973800 @ http://localhost:3030/@vite/client:524
[ 5690111ms] [ERROR] slide failed to load TypeError: Failed to fetch dynamically imported module: http://localhost:3030/@slidev/slides/11/md?t=1785077973800 @ http://localhost:3030/@vite/client:524
[ 5692871ms] [ERROR] slide failed to load TypeError: Failed to fetch dynamically imported module: http://localhost:3030/@slidev/slides/11/md?t=1785077973800 @ http://localhost:3030/@vite/client:524
[ 5764106ms] [ERROR] Failed to load resource: net::ERR_CONNECTION_TIMED_OUT @ https://fonts.googleapis.com/css2?family=Fraunces:opsz,wght@9..144,400..700&family=Hanken+Grotesk:wght@400..800&family=Plus+Jakarta+Sans:wght@400..800&family=Archivo:wght@400..800&family=Space+Mono:wght@400;700&family=JetBrains+Mono:wght@400;600;700&family=Anton&display=swap:0
[ 5807497ms] [ERROR] Failed to load resource: the server responded with a status of 500 (Internal Server Error) @ http://localhost:3030/slides.md__slidev_11.md?t=1785077973800&import:0
[ 5807497ms] [ERROR] slide failed to load TypeError: Failed to fetch dynamically imported module: http://localhost:3030/@slidev/slides/11/md?t=1785077973800 @ http://localhost:3030/@vite/client:524
[ 5807498ms] [ERROR] slide failed to load TypeError: Failed to fetch dynamically imported module: http://localhost:3030/@slidev/slides/11/md?t=1785077973800 @ http://localhost:3030/@vite/client:524
[ 5810099ms] [ERROR] slide failed to load TypeError: Failed to fetch dynamically imported module: http://localhost:3030/@slidev/slides/11/md?t=1785077973800 @ http://localhost:3030/@vite/client:524
[ 5881547ms] [ERROR] Failed to load resource: net::ERR_CONNECTION_TIMED_OUT @ https://fonts.googleapis.com/css2?family=Fraunces:opsz,wght@9..144,400..700&family=Hanken+Grotesk:wght@400..800&family=Plus+Jakarta+Sans:wght@400..800&family=Archivo:wght@400..800&family=Space+Mono:wght@400;700&family=JetBrains+Mono:wght@400;600;700&family=Anton&display=swap:0
[ 5978305ms] [ERROR] Failed to load resource: net::ERR_CONNECTION_TIMED_OUT @ https://fonts.googleapis.com/css2?family=Fraunces:opsz,wght@9..144,400..700&family=Hanken+Grotesk:wght@400..800&family=Plus+Jakarta+Sans:wght@400..800&family=Archivo:wght@400..800&family=Space+Mono:wght@400;700&family=JetBrains+Mono:wght@400;600;700&family=Anton&display=swap:0
[ 6051598ms] [WARNING] [tahta] slide content overflows even at min scale (0.42): 490px of content in a 76px frame — split this slide or trim its content. @ http://localhost:3030/@vite/client:524
[ 9183170ms] [LOG] [vite] server connection lost. Polling for restart... @ http://localhost:3030/@vite/client:992
[10114234ms] [LOG] [vite] server connection lost. Polling for restart... @ http://localhost:3030/@vite/client:992
[10114369ms] [ERROR] Failed to load resource: net::ERR_NETWORK_IO_SUSPENDED @ https://fonts.googleapis.com/css2?family=Fraunces:opsz,wght@9..144,400..700&family=Hanken+Grotesk:wght@400..800&family=Plus+Jakarta+Sans:wght@400..800&family=Archivo:wght@400..800&family=Space+Mono:wght@400;700&family=JetBrains+Mono:wght@400;600;700&family=Anton&display=swap:0
[11106583ms] [ERROR] Failed to load resource: net::ERR_CONNECTION_TIMED_OUT @ https://fonts.googleapis.com/css2?family=Fraunces:opsz,wght@9..144,400..700&family=Hanken+Grotesk:wght@400..800&family=Plus+Jakarta+Sans:wght@400..800&family=Archivo:wght@400..800&family=Space+Mono:wght@400;700&family=JetBrains+Mono:wght@400;600;700&family=Anton&display=swap:0
[12860337ms] [LOG] [vite] server connection lost. Polling for restart... @ http://localhost:3030/@vite/client:992
[82959223ms] [ERROR] Failed to load resource: net::ERR_CONNECTION_CLOSED @ https://fonts.googleapis.com/css2?family=Fraunces:opsz,wght@9..144,400..700&family=Hanken+Grotesk:wght@400..800&family=Plus+Jakarta+Sans:wght@400..800&family=Archivo:wght@400..800&family=Space+Mono:wght@400;700&family=JetBrains+Mono:wght@400;600;700&family=Anton&display=swap:0
[84508282ms] [ERROR] Failed to load resource: the server responded with a status of 500 (Internal Server Error) @ http://localhost:3030/slides.md__slidev_10.md?import&t=1785156793885:0
[84508282ms] [INFO] [hmr] /slides.md__slidev_10.md failed to apply HMR as it's within a circular import. Reloading page to reset the execution order. To debug and break the circular import, you can run `vite --debug hmr` to log the circular dependency path if a file change triggered it. @ http://localhost:3030/@vite/client:944
[84508282ms] [ERROR] [vite] Failed to reload /slides.md__slidev_10.md. This could be due to syntax errors or importing non-existent modules. (see errors above) @ http://localhost:3030/@vite/client:524
[84509565ms] [ERROR] Failed to load resource: net::ERR_CONNECTION_CLOSED @ https://fonts.googleapis.com/css2?family=Fraunces:opsz,wght@9..144,400..700&family=Hanken+Grotesk:wght@400..800&family=Plus+Jakarta+Sans:wght@400..800&family=Archivo:wght@400..800&family=Space+Mono:wght@400;700&family=JetBrains+Mono:wght@400;600;700&family=Anton&display=swap:0
[84512701ms] [ERROR] Failed to load resource: the server responded with a status of 500 (Internal Server Error) @ http://localhost:3030/slides.md__slidev_10.md?import&t=1785156793885:0
[84512702ms] [ERROR] slide failed to load TypeError: Failed to fetch dynamically imported module: http://localhost:3030/@slidev/slides/10/md?t=1785156793885 @ http://localhost:3030/@vite/client:524
[84512702ms] [ERROR] slide failed to load TypeError: Failed to fetch dynamically imported module: http://localhost:3030/@slidev/slides/10/md?t=1785156793885 @ http://localhost:3030/@vite/client:524
[84527330ms] [ERROR] Failed to load resource: the server responded with a status of 500 (Internal Server Error) @ http://localhost:3030/slides.md__slidev_10.md?t=1785156812383&import:0
[84527330ms] [ERROR] slide failed to load TypeError: Failed to fetch dynamically imported module: http://localhost:3030/@slidev/slides/10/md?t=1785156812383 @ http://localhost:3030/@vite/client:524
[84530074ms] [ERROR] slide failed to load TypeError: Failed to fetch dynamically imported module: http://localhost:3030/@slidev/slides/10/md?t=1785156812383 @ http://localhost:3030/@vite/client:524
[84552255ms] [ERROR] Failed to load resource: the server responded with a status of 500 (Internal Server Error) @ http://localhost:3030/slides.md__slidev_10.md?t=1785156837230&import:0
[84552255ms] [ERROR] slide failed to load TypeError: Failed to fetch dynamically imported module: http://localhost:3030/@slidev/slides/10/md?t=1785156837230 @ http://localhost:3030/@vite/client:524
[84555014ms] [ERROR] slide failed to load TypeError: Failed to fetch dynamically imported module: http://localhost:3030/@slidev/slides/10/md?t=1785156837230 @ http://localhost:3030/@vite/client:524
[84586061ms] [ERROR] slide failed to load TypeError: Failed to fetch dynamically imported module: http://localhost:3030/@slidev/slides/10/md?t=1785156837230 @ http://localhost:3030/@vite/client:524
[84592067ms] [ERROR] slide failed to load TypeError: Failed to fetch dynamically imported module: http://localhost:3030/@slidev/slides/10/md?t=1785156837230 @ http://localhost:3030/@vite/client:524
[84593065ms] [ERROR] slide failed to load TypeError: Failed to fetch dynamically imported module: http://localhost:3030/@slidev/slides/10/md?t=1785156837230 @ http://localhost:3030/@vite/client:524
[84606736ms] [ERROR] Failed to load resource: the server responded with a status of 500 (Internal Server Error) @ http://localhost:3030/slides.md__slidev_10.md?t=1785156891989&import:0
[84606737ms] [ERROR] slide failed to load TypeError: Failed to fetch dynamically imported module: http://localhost:3030/@slidev/slides/10/md?t=1785156891989 @ http://localhost:3030/@vite/client:524
[84609499ms] [ERROR] slide failed to load TypeError: Failed to fetch dynamically imported module: http://localhost:3030/@slidev/slides/10/md?t=1785156891989 @ http://localhost:3030/@vite/client:524
[88837487ms] [ERROR] Failed to load resource: net::ERR_CONNECTION_CLOSED @ https://fonts.googleapis.com/css2?family=Fraunces:opsz,wght@9..144,400..700&family=Hanken+Grotesk:wght@400..800&family=Plus+Jakarta+Sans:wght@400..800&family=Archivo:wght@400..800&family=Space+Mono:wght@400;700&family=JetBrains+Mono:wght@400;600;700&family=Anton&display=swap:0
[89088775ms] [LOG] [vite] server connection lost. Polling for restart... @ http://localhost:3030/@vite/client:992
[89092991ms] [ERROR] Failed to load resource: net::ERR_CONNECTION_CLOSED @ https://fonts.googleapis.com/css2?family=Fraunces:opsz,wght@9..144,400..700&family=Hanken+Grotesk:wght@400..800&family=Plus+Jakarta+Sans:wght@400..800&family=Archivo:wght@400..800&family=Space+Mono:wght@400;700&family=JetBrains+Mono:wght@400;600;700&family=Anton&display=swap:0
[89096850ms] [WARNING] The resource http://localhost:3030/assets/hermann-ebbinghaus-portrait.png was preloaded using link preload but not used within a few seconds from the window's load event. Please make sure it has an appropriate `as` value and it is preloaded intentionally. @ http://localhost:3030/12?clicks=0:0
[89096850ms] [WARNING] The resource http://localhost:3030/assets/brain-memory-regions-gpt-image-2.png was preloaded using link preload but not used within a few seconds from the window's load event. Please make sure it has an appropriate `as` value and it is preloaded intentionally. @ http://localhost:3030/12?clicks=0:0
