[    7364ms] [ERROR] Failed to load resource: net::ERR_FAILED @ https://fonts.googleapis.com/css2?family=Fraunces:opsz,wght@9..144,400..700&family=Hanken+Grotesk:wght@400..800&family=Plus+Jakarta+Sans:wght@400..800&family=Archivo:wght@400..800&family=Space+Mono:wght@400;700&family=JetBrains+Mono:wght@400;600;700&family=Anton&display=swap:0
[  513856ms] [LOG] [vite] server connection lost. Polling for restart... @ http://localhost:3030/@vite/client:992
[  679592ms] [ERROR] Failed to load resource: net::ERR_FAILED @ https://fonts.googleapis.com/css2?family=Fraunces:opsz,wght@9..144,400..700&family=Hanken+Grotesk:wght@400..800&family=Plus+Jakarta+Sans:wght@400..800&family=Archivo:wght@400..800&family=Space+Mono:wght@400;700&family=JetBrains+Mono:wght@400;600;700&family=Anton&display=swap:0
[ 1926470ms] [ERROR] Failed to load resource: the server responded with a status of 500 (Internal Server Error) @ http://localhost:3030/slides.md__slidev_11.md?import&t=1785077973800:0
[ 1926471ms] [INFO] [hmr] /slides.md__slidev_11.md failed to apply HMR as it's within a circular import. Reloading page to reset the execution order. To debug and break the circular import, you can run `vite --debug hmr` to log the circular dependency path if a file change triggered it. @ http://localhost:3030/@vite/client:944
[ 1926471ms] [ERROR] [vite] Failed to reload /slides.md__slidev_11.md. This could be due to syntax errors or importing non-existent modules. (see errors above) @ http://localhost:3030/@vite/client:524
[ 1929526ms] [ERROR] Failed to load resource: net::ERR_FAILED @ https://fonts.googleapis.com/css2?family=Fraunces:opsz,wght@9..144,400..700&family=Hanken+Grotesk:wght@400..800&family=Plus+Jakarta+Sans:wght@400..800&family=Archivo:wght@400..800&family=Space+Mono:wght@400;700&family=JetBrains+Mono:wght@400;600;700&family=Anton&display=swap:0
[ 1929881ms] [ERROR] Failed to load resource: the server responded with a status of 500 (Internal Server Error) @ http://localhost:3030/slides.md__slidev_11.md?t=1785077973800&import:0
[ 1929881ms] [ERROR] slide failed to load TypeError: Failed to fetch dynamically imported module: http://localhost:3030/@slidev/slides/11/md?t=1785077973800 @ http://localhost:3030/@vite/client:524
[ 1929881ms] [ERROR] slide failed to load TypeError: Failed to fetch dynamically imported module: http://localhost:3030/@slidev/slides/11/md?t=1785077973800 @ http://localhost:3030/@vite/client:524
[ 1932783ms] [ERROR] slide failed to load TypeError: Failed to fetch dynamically imported module: http://localhost:3030/@slidev/slides/11/md?t=1785077973800 @ http://localhost:3030/@vite/client:524
[ 2046112ms] [ERROR] Failed to load resource: net::ERR_FAILED @ https://fonts.googleapis.com/css2?family=Fraunces:opsz,wght@9..144,400..700&family=Hanken+Grotesk:wght@400..800&family=Plus+Jakarta+Sans:wght@400..800&family=Archivo:wght@400..800&family=Space+Mono:wght@400;700&family=JetBrains+Mono:wght@400;600;700&family=Anton&display=swap:0
[ 2046389ms] [ERROR] Failed to load resource: the server responded with a status of 500 (Internal Server Error) @ http://localhost:3030/slides.md__slidev_11.md?t=1785077973800&import:0
[ 2046391ms] [ERROR] slide failed to load TypeError: Failed to fetch dynamically imported module: http://localhost:3030/@slidev/slides/11/md?t=1785077973800 @ http://localhost:3030/@vite/client:524
[ 2046391ms] [ERROR] slide failed to load TypeError: Failed to fetch dynamically imported module: http://localhost:3030/@slidev/slides/11/md?t=1785077973800 @ http://localhost:3030/@vite/client:524
[ 2049308ms] [ERROR] slide failed to load TypeError: Failed to fetch dynamically imported module: http://localhost:3030/@slidev/slides/11/md?t=1785077973800 @ http://localhost:3030/@vite/client:524
[ 2142846ms] [ERROR] Failed to load resource: net::ERR_FAILED @ https://fonts.googleapis.com/css2?family=Fraunces:opsz,wght@9..144,400..700&family=Hanken+Grotesk:wght@400..800&family=Plus+Jakarta+Sans:wght@400..800&family=Archivo:wght@400..800&family=Space+Mono:wght@400;700&family=JetBrains+Mono:wght@400;600;700&family=Anton&display=swap:0
[ 2289957ms] [WARNING] [tahta] slide content overflows even at min scale (0.42): 490px of content in a 76px frame — split this slide or trim its content. @ http://localhost:3030/@vite/client:524
[ 5421305ms] [LOG] [vite] server connection lost. Polling for restart... @ http://localhost:3030/@vite/client:992
[ 5423774ms] [ERROR] Failed to load resource: net::ERR_FAILED @ https://fonts.googleapis.com/css2?family=Fraunces:opsz,wght@9..144,400..700&family=Hanken+Grotesk:wght@400..800&family=Plus+Jakarta+Sans:wght@400..800&family=Archivo:wght@400..800&family=Space+Mono:wght@400;700&family=JetBrains+Mono:wght@400;600;700&family=Anton&display=swap:0
[ 6352523ms] [LOG] [vite] server connection lost. Polling for restart... @ http://localhost:3030/@vite/client:992
[ 6354870ms] [ERROR] Failed to load resource: net::ERR_FAILED @ https://fonts.googleapis.com/css2?family=Fraunces:opsz,wght@9..144,400..700&family=Hanken+Grotesk:wght@400..800&family=Plus+Jakarta+Sans:wght@400..800&family=Archivo:wght@400..800&family=Space+Mono:wght@400;700&family=JetBrains+Mono:wght@400;600;700&family=Anton&display=swap:0
[ 7357670ms] [ERROR] Failed to load resource: net::ERR_NETWORK_CHANGED @ https://cdn.jsdelivr.net/gh/slidevjs/slidev/assets/favicon.png:0
[ 9098533ms] [LOG] [vite] server connection lost. Polling for restart... @ http://localhost:3030/@vite/client:992
[79199474ms] [ERROR] Failed to load resource: net::ERR_FAILED @ https://fonts.googleapis.com/css2?family=Fraunces:opsz,wght@9..144,400..700&family=Hanken+Grotesk:wght@400..800&family=Plus+Jakarta+Sans:wght@400..800&family=Archivo:wght@400..800&family=Space+Mono:wght@400;700&family=JetBrains+Mono:wght@400;600;700&family=Anton&display=swap:0
[80746507ms] [ERROR] Failed to load resource: the server responded with a status of 500 (Internal Server Error) @ http://localhost:3030/slides.md__slidev_10.md?import&t=1785156793885:0
[80746507ms] [INFO] [hmr] /slides.md__slidev_10.md failed to apply HMR as it's within a circular import. Reloading page to reset the execution order. To debug and break the circular import, you can run `vite --debug hmr` to log the circular dependency path if a file change triggered it. @ http://localhost:3030/@vite/client:944
[80746507ms] [ERROR] [vite] Failed to reload /slides.md__slidev_10.md. This could be due to syntax errors or importing non-existent modules. (see errors above) @ http://localhost:3030/@vite/client:524
[80748311ms] [ERROR] Failed to load resource: net::ERR_FAILED @ https://fonts.googleapis.com/css2?family=Fraunces:opsz,wght@9..144,400..700&family=Hanken+Grotesk:wght@400..800&family=Plus+Jakarta+Sans:wght@400..800&family=Archivo:wght@400..800&family=Space+Mono:wght@400;700&family=JetBrains+Mono:wght@400;600;700&family=Anton&display=swap:0
[80751510ms] [ERROR] Failed to load resource: the server responded with a status of 500 (Internal Server Error) @ http://localhost:3030/slides.md__slidev_10.md?import&t=1785156793885:0
[80751513ms] [ERROR] slide failed to load TypeError: Failed to fetch dynamically imported module: http://localhost:3030/@slidev/slides/10/md?t=1785156793885 @ http://localhost:3030/@vite/client:524
[80751513ms] [ERROR] slide failed to load TypeError: Failed to fetch dynamically imported module: http://localhost:3030/@slidev/slides/10/md?t=1785156793885 @ http://localhost:3030/@vite/client:524
[80765640ms] [ERROR] Failed to load resource: the server responded with a status of 500 (Internal Server Error) @ http://localhost:3030/slides.md__slidev_10.md?t=1785156812383&import:0
[80765643ms] [ERROR] slide failed to load TypeError: Failed to fetch dynamically imported module: http://localhost:3030/@slidev/slides/10/md?t=1785156812383 @ http://localhost:3030/@vite/client:524
[80768371ms] [ERROR] slide failed to load TypeError: Failed to fetch dynamically imported module: http://localhost:3030/@slidev/slides/10/md?t=1785156812383 @ http://localhost:3030/@vite/client:524
[80790667ms] [ERROR] Failed to load resource: the server responded with a status of 500 (Internal Server Error) @ http://localhost:3030/slides.md__slidev_10.md?t=1785156837230&import:0
[80790667ms] [ERROR] slide failed to load TypeError: Failed to fetch dynamically imported module: http://localhost:3030/@slidev/slides/10/md?t=1785156837230 @ http://localhost:3030/@vite/client:524
[80793399ms] [ERROR] slide failed to load TypeError: Failed to fetch dynamically imported module: http://localhost:3030/@slidev/slides/10/md?t=1785156837230 @ http://localhost:3030/@vite/client:524
[80824259ms] [ERROR] slide failed to load TypeError: Failed to fetch dynamically imported module: http://localhost:3030/@slidev/slides/10/md?t=1785156837230 @ http://localhost:3030/@vite/client:524
[80830274ms] [ERROR] slide failed to load TypeError: Failed to fetch dynamically imported module: http://localhost:3030/@slidev/slides/10/md?t=1785156837230 @ http://localhost:3030/@vite/client:524
[80831263ms] [ERROR] slide failed to load TypeError: Failed to fetch dynamically imported module: http://localhost:3030/@slidev/slides/10/md?t=1785156837230 @ http://localhost:3030/@vite/client:524
[80845173ms] [ERROR] Failed to load resource: the server responded with a status of 500 (Internal Server Error) @ http://localhost:3030/slides.md__slidev_10.md?t=1785156891989&import:0
[80845174ms] [ERROR] slide failed to load TypeError: Failed to fetch dynamically imported module: http://localhost:3030/@slidev/slides/10/md?t=1785156891989 @ http://localhost:3030/@vite/client:524
[80848104ms] [ERROR] slide failed to load TypeError: Failed to fetch dynamically imported module: http://localhost:3030/@slidev/slides/10/md?t=1785156891989 @ http://localhost:3030/@vite/client:524
[85076375ms] [ERROR] Failed to load resource: net::ERR_FAILED @ https://fonts.googleapis.com/css2?family=Fraunces:opsz,wght@9..144,400..700&family=Hanken+Grotesk:wght@400..800&family=Plus+Jakarta+Sans:wght@400..800&family=Archivo:wght@400..800&family=Space+Mono:wght@400;700&family=JetBrains+Mono:wght@400;600;700&family=Anton&display=swap:0
[85326969ms] [LOG] [vite] server connection lost. Polling for restart... @ http://localhost:3030/@vite/client:992
[85336269ms] [ERROR] Failed to load resource: net::ERR_FAILED @ https://fonts.googleapis.com/css2?family=Fraunces:opsz,wght@9..144,400..700&family=Hanken+Grotesk:wght@400..800&family=Plus+Jakarta+Sans:wght@400..800&family=Archivo:wght@400..800&family=Space+Mono:wght@400;700&family=JetBrains+Mono:wght@400;600;700&family=Anton&display=swap:0
