[     462ms] [ERROR] Failed to load resource: net::ERR_CONNECTION_CLOSED @ https://fonts.googleapis.com/css2?family=Fraunces:opsz,wght@9..144,400..700&family=Hanken+Grotesk:wght@400..800&family=Plus+Jakarta+Sans:wght@400..800&family=Archivo:wght@400..800&family=Space+Mono:wght@400;700&family=JetBrains+Mono:wght@400;600;700&family=Anton&display=swap:0
[ 4352978ms] [LOG] [vite] server connection lost. Polling for restart... @ http://localhost:3030/@vite/client:992
[ 4592246ms] [ERROR] Failed to load resource: net::ERR_CONNECTION_TIMED_OUT @ https://fonts.googleapis.com/css2?family=Fraunces:opsz,wght@9..144,400..700&family=Hanken+Grotesk:wght@400..800&family=Plus+Jakarta+Sans:wght@400..800&family=Archivo:wght@400..800&family=Space+Mono:wght@400;700&family=JetBrains+Mono:wght@400;600;700&family=Anton&display=swap:0
[ 5765502ms] [ERROR] Failed to load resource: the server responded with a status of 500 (Internal Server Error) @ http://localhost:3030/slides.md__slidev_11.md?import&t=1785077973800:0
[ 5765503ms] [INFO] [hmr] /slides.md__slidev_11.md failed to apply HMR as it's within a circular import. Reloading page to reset the execution order. To debug and break the circular import, you can run `vite --debug hmr` to log the circular dependency path if a file change triggered it. @ http://localhost:3030/@vite/client:944
[ 5765503ms] [ERROR] [vite] Failed to reload /slides.md__slidev_11.md. This could be due to syntax errors or importing non-existent modules. (see errors above) @ http://localhost:3030/@vite/client:524
[ 5767515ms] [ERROR] Failed to load resource: the server responded with a status of 500 (Internal Server Error) @ http://localhost:3030/slides.md__slidev_11.md?import&t=1785077973800:0
[ 5767518ms] [ERROR] slide failed to load TypeError: Failed to fetch dynamically imported module: http://localhost:3030/@slidev/slides/11/md?t=1785077973800 @ http://localhost:3030/@vite/client:524
[ 5767518ms] [ERROR] slide failed to load TypeError: Failed to fetch dynamically imported module: http://localhost:3030/@slidev/slides/11/md?t=1785077973800 @ http://localhost:3030/@vite/client:524
[ 5770184ms] [ERROR] slide failed to load TypeError: Failed to fetch dynamically imported module: http://localhost:3030/@slidev/slides/11/md?t=1785077973800 @ http://localhost:3030/@vite/client:524
[ 5841468ms] [ERROR] Failed to load resource: net::ERR_CONNECTION_TIMED_OUT @ https://fonts.googleapis.com/css2?family=Fraunces:opsz,wght@9..144,400..700&family=Hanken+Grotesk:wght@400..800&family=Plus+Jakarta+Sans:wght@400..800&family=Archivo:wght@400..800&family=Space+Mono:wght@400;700&family=JetBrains+Mono:wght@400;600;700&family=Anton&display=swap:0
[ 5884815ms] [ERROR] Failed to load resource: the server responded with a status of 500 (Internal Server Error) @ http://localhost:3030/slides.md__slidev_11.md?t=1785077973800&import:0
[ 5884815ms] [ERROR] slide failed to load TypeError: Failed to fetch dynamically imported module: http://localhost:3030/@slidev/slides/11/md?t=1785077973800 @ http://localhost:3030/@vite/client:524
[ 5884816ms] [ERROR] slide failed to load TypeError: Failed to fetch dynamically imported module: http://localhost:3030/@slidev/slides/11/md?t=1785077973800 @ http://localhost:3030/@vite/client:524
[ 5887413ms] [ERROR] slide failed to load TypeError: Failed to fetch dynamically imported module: http://localhost:3030/@slidev/slides/11/md?t=1785077973800 @ http://localhost:3030/@vite/client:524
[ 5958915ms] [ERROR] Failed to load resource: net::ERR_CONNECTION_TIMED_OUT @ https://fonts.googleapis.com/css2?family=Fraunces:opsz,wght@9..144,400..700&family=Hanken+Grotesk:wght@400..800&family=Plus+Jakarta+Sans:wght@400..800&family=Archivo:wght@400..800&family=Space+Mono:wght@400;700&family=JetBrains+Mono:wght@400;600;700&family=Anton&display=swap:0
[ 6055681ms] [ERROR] Failed to load resource: net::ERR_CONNECTION_TIMED_OUT @ https://fonts.googleapis.com/css2?family=Fraunces:opsz,wght@9..144,400..700&family=Hanken+Grotesk:wght@400..800&family=Plus+Jakarta+Sans:wght@400..800&family=Archivo:wght@400..800&family=Space+Mono:wght@400;700&family=JetBrains+Mono:wght@400;600;700&family=Anton&display=swap:0
[ 6128914ms] [WARNING] [tahta] slide content overflows even at min scale (0.42): 490px of content in a 76px frame — split this slide or trim its content. @ http://localhost:3030/@vite/client:524
[ 9260441ms] [LOG] [vite] server connection lost. Polling for restart... @ http://localhost:3030/@vite/client:992
[10191549ms] [LOG] [vite] server connection lost. Polling for restart... @ http://localhost:3030/@vite/client:992
[10191663ms] [ERROR] Failed to load resource: net::ERR_NETWORK_IO_SUSPENDED @ https://fonts.googleapis.com/css2?family=Fraunces:opsz,wght@9..144,400..700&family=Hanken+Grotesk:wght@400..800&family=Plus+Jakarta+Sans:wght@400..800&family=Archivo:wght@400..800&family=Space+Mono:wght@400;700&family=JetBrains+Mono:wght@400;600;700&family=Anton&display=swap:0
[11183907ms] [ERROR] Failed to load resource: net::ERR_CONNECTION_TIMED_OUT @ https://fonts.googleapis.com/css2?family=Fraunces:opsz,wght@9..144,400..700&family=Hanken+Grotesk:wght@400..800&family=Plus+Jakarta+Sans:wght@400..800&family=Archivo:wght@400..800&family=Space+Mono:wght@400;700&family=JetBrains+Mono:wght@400;600;700&family=Anton&display=swap:0
[12937652ms] [LOG] [vite] server connection lost. Polling for restart... @ http://localhost:3030/@vite/client:992
[83036537ms] [ERROR] Failed to load resource: net::ERR_CONNECTION_CLOSED @ https://fonts.googleapis.com/css2?family=Fraunces:opsz,wght@9..144,400..700&family=Hanken+Grotesk:wght@400..800&family=Plus+Jakarta+Sans:wght@400..800&family=Archivo:wght@400..800&family=Space+Mono:wght@400;700&family=JetBrains+Mono:wght@400;600;700&family=Anton&display=swap:0
[84585591ms] [ERROR] Failed to load resource: the server responded with a status of 500 (Internal Server Error) @ http://localhost:3030/slides.md__slidev_10.md?import&t=1785156793885:0
[84585591ms] [INFO] [hmr] /slides.md__slidev_10.md failed to apply HMR as it's within a circular import. Reloading page to reset the execution order. To debug and break the circular import, you can run `vite --debug hmr` to log the circular dependency path if a file change triggered it. @ http://localhost:3030/@vite/client:944
[84585591ms] [ERROR] [vite] Failed to reload /slides.md__slidev_10.md. This could be due to syntax errors or importing non-existent modules. (see errors above) @ http://localhost:3030/@vite/client:524
[84587142ms] [ERROR] Failed to load resource: net::ERR_CONNECTION_CLOSED @ https://fonts.googleapis.com/css2?family=Fraunces:opsz,wght@9..144,400..700&family=Hanken+Grotesk:wght@400..800&family=Plus+Jakarta+Sans:wght@400..800&family=Archivo:wght@400..800&family=Space+Mono:wght@400;700&family=JetBrains+Mono:wght@400;600;700&family=Anton&display=swap:0
[84590210ms] [ERROR] Failed to load resource: the server responded with a status of 500 (Internal Server Error) @ http://localhost:3030/slides.md__slidev_10.md?import&t=1785156793885:0
[84590214ms] [ERROR] slide failed to load TypeError: Failed to fetch dynamically imported module: http://localhost:3030/@slidev/slides/10/md?t=1785156793885 @ http://localhost:3030/@vite/client:524
[84590215ms] [ERROR] slide failed to load TypeError: Failed to fetch dynamically imported module: http://localhost:3030/@slidev/slides/10/md?t=1785156793885 @ http://localhost:3030/@vite/client:524
[84604649ms] [ERROR] Failed to load resource: the server responded with a status of 500 (Internal Server Error) @ http://localhost:3030/slides.md__slidev_10.md?t=1785156812383&import:0
[84604649ms] [ERROR] slide failed to load TypeError: Failed to fetch dynamically imported module: http://localhost:3030/@slidev/slides/10/md?t=1785156812383 @ http://localhost:3030/@vite/client:524
[84607449ms] [ERROR] slide failed to load TypeError: Failed to fetch dynamically imported module: http://localhost:3030/@slidev/slides/10/md?t=1785156812383 @ http://localhost:3030/@vite/client:524
[84629743ms] [ERROR] Failed to load resource: the server responded with a status of 500 (Internal Server Error) @ http://localhost:3030/slides.md__slidev_10.md?t=1785156837230&import:0
[84629743ms] [ERROR] slide failed to load TypeError: Failed to fetch dynamically imported module: http://localhost:3030/@slidev/slides/10/md?t=1785156837230 @ http://localhost:3030/@vite/client:524
[84632405ms] [ERROR] slide failed to load TypeError: Failed to fetch dynamically imported module: http://localhost:3030/@slidev/slides/10/md?t=1785156837230 @ http://localhost:3030/@vite/client:524
[84663375ms] [ERROR] slide failed to load TypeError: Failed to fetch dynamically imported module: http://localhost:3030/@slidev/slides/10/md?t=1785156837230 @ http://localhost:3030/@vite/client:524
[84669384ms] [ERROR] slide failed to load TypeError: Failed to fetch dynamically imported module: http://localhost:3030/@slidev/slides/10/md?t=1785156837230 @ http://localhost:3030/@vite/client:524
[84670384ms] [ERROR] slide failed to load TypeError: Failed to fetch dynamically imported module: http://localhost:3030/@slidev/slides/10/md?t=1785156837230 @ http://localhost:3030/@vite/client:524
[84683881ms] [ERROR] Failed to load resource: the server responded with a status of 500 (Internal Server Error) @ http://localhost:3030/slides.md__slidev_10.md?t=1785156891989&import:0
[84683881ms] [ERROR] slide failed to load TypeError: Failed to fetch dynamically imported module: http://localhost:3030/@slidev/slides/10/md?t=1785156891989 @ http://localhost:3030/@vite/client:524
[84686769ms] [ERROR] slide failed to load TypeError: Failed to fetch dynamically imported module: http://localhost:3030/@slidev/slides/10/md?t=1785156891989 @ http://localhost:3030/@vite/client:524
[88914512ms] [ERROR] Failed to load resource: net::ERR_CONNECTION_CLOSED @ https://fonts.googleapis.com/css2?family=Fraunces:opsz,wght@9..144,400..700&family=Hanken+Grotesk:wght@400..800&family=Plus+Jakarta+Sans:wght@400..800&family=Archivo:wght@400..800&family=Space+Mono:wght@400;700&family=JetBrains+Mono:wght@400;600;700&family=Anton&display=swap:0
[89166086ms] [LOG] [vite] server connection lost. Polling for restart... @ http://localhost:3030/@vite/client:992
[89170216ms] [ERROR] Failed to load resource: net::ERR_CONNECTION_CLOSED @ https://fonts.googleapis.com/css2?family=Fraunces:opsz,wght@9..144,400..700&family=Hanken+Grotesk:wght@400..800&family=Plus+Jakarta+Sans:wght@400..800&family=Archivo:wght@400..800&family=Space+Mono:wght@400;700&family=JetBrains+Mono:wght@400;600;700&family=Anton&display=swap:0
[89174163ms] [WARNING] The resource http://localhost:3030/assets/hermann-ebbinghaus-portrait.png was preloaded using link preload but not used within a few seconds from the window's load event. Please make sure it has an appropriate `as` value and it is preloaded intentionally. @ http://localhost:3030/12?clicks=0:0
[89174163ms] [WARNING] The resource http://localhost:3030/assets/brain-memory-regions-gpt-image-2.png was preloaded using link preload but not used within a few seconds from the window's load event. Please make sure it has an appropriate `as` value and it is preloaded intentionally. @ http://localhost:3030/12?clicks=0:0
