[     459ms] [ERROR] Failed to load resource: net::ERR_CONNECTION_CLOSED @ https://fonts.googleapis.com/css2?family=Fraunces:opsz,wght@9..144,400..700&family=Hanken+Grotesk:wght@400..800&family=Plus+Jakarta+Sans:wght@400..800&family=Archivo:wght@400..800&family=Space+Mono:wght@400;700&family=JetBrains+Mono:wght@400;600;700&family=Anton&display=swap:0
[ 6649109ms] [LOG] [vite] server connection lost. Polling for restart... @ http://localhost:3030/@vite/client:992
[ 7605693ms] [ERROR] Failed to load resource: net::ERR_NAME_NOT_RESOLVED @ https://fonts.googleapis.com/css2?family=Fraunces:opsz,wght@9..144,400..700&family=Hanken+Grotesk:wght@400..800&family=Plus+Jakarta+Sans:wght@400..800&family=Archivo:wght@400..800&family=Space+Mono:wght@400;700&family=JetBrains+Mono:wght@400;600;700&family=Anton&display=swap:0
[10646220ms] [LOG] [vite] server connection lost. Polling for restart... @ http://localhost:3030/@vite/client:992
[81269239ms] [ERROR] Failed to load resource: net::ERR_CONNECTION_CLOSED @ https://fonts.googleapis.com/css2?family=Fraunces:opsz,wght@9..144,400..700&family=Hanken+Grotesk:wght@400..800&family=Plus+Jakarta+Sans:wght@400..800&family=Archivo:wght@400..800&family=Space+Mono:wght@400;700&family=JetBrains+Mono:wght@400;600;700&family=Anton&display=swap:0
[81569051ms] [LOG] [vite] server connection lost. Polling for restart... @ http://localhost:3030/@vite/client:992
[81572721ms] [LOG] [vite] server connection lost. Polling for restart... @ http://localhost:3030/@vite/client:992
[81585051ms] [ERROR] Failed to load resource: net::ERR_CONNECTION_CLOSED @ https://fonts.googleapis.com/css2?family=Fraunces:opsz,wght@9..144,400..700&family=Hanken+Grotesk:wght@400..800&family=Plus+Jakarta+Sans:wght@400..800&family=Archivo:wght@400..800&family=Space+Mono:wght@400;700&family=JetBrains+Mono:wght@400;600;700&family=Anton&display=swap:0
[83586928ms] [ERROR] Failed to load resource: the server responded with a status of 500 (Internal Server Error) @ http://localhost:3030/slides.md__slidev_9.md?import&t=1785245759722:0
[83586931ms] [INFO] [hmr] /slides.md__slidev_9.md failed to apply HMR as it's within a circular import. Reloading page to reset the execution order. To debug and break the circular import, you can run `vite --debug hmr` to log the circular dependency path if a file change triggered it. @ http://localhost:3030/@vite/client:944
[83586932ms] [ERROR] [vite] Failed to reload /slides.md__slidev_9.md. This could be due to syntax errors or importing non-existent modules. (see errors above) @ http://localhost:3030/@vite/client:524
[83590399ms] [ERROR] Failed to load resource: the server responded with a status of 500 (Internal Server Error) @ http://localhost:3030/slides.md__slidev_9.md?import&t=1785245759722:0
[83590400ms] [ERROR] slide failed to load TypeError: Failed to fetch dynamically imported module: http://localhost:3030/@slidev/slides/9/md?t=1785245759722 @ http://localhost:3030/@vite/client:524
[83590407ms] [ERROR] slide failed to load TypeError: Failed to fetch dynamically imported module: http://localhost:3030/@slidev/slides/9/md?t=1785245759722 @ http://localhost:3030/@vite/client:524
[83590573ms] [ERROR] Failed to load resource: net::ERR_CONNECTION_CLOSED @ https://fonts.googleapis.com/css2?family=Fraunces:opsz,wght@9..144,400..700&family=Hanken+Grotesk:wght@400..800&family=Plus+Jakarta+Sans:wght@400..800&family=Archivo:wght@400..800&family=Space+Mono:wght@400;700&family=JetBrains+Mono:wght@400;600;700&family=Anton&display=swap:0
[83635414ms] [ERROR] Failed to load resource: net::ERR_CONNECTION_CLOSED @ https://fonts.googleapis.com/css2?family=Fraunces:opsz,wght@9..144,400..700&family=Hanken+Grotesk:wght@400..800&family=Plus+Jakarta+Sans:wght@400..800&family=Archivo:wght@400..800&family=Space+Mono:wght@400;700&family=JetBrains+Mono:wght@400;600;700&family=Anton&display=swap:0
[83638350ms] [ERROR] Failed to load resource: the server responded with a status of 500 (Internal Server Error) @ http://localhost:3030/slides.md__slidev_9.md?t=1785245759722&import:0
[83638352ms] [ERROR] slide failed to load TypeError: Failed to fetch dynamically imported module: http://localhost:3030/@slidev/slides/9/md?t=1785245759722 @ http://localhost:3030/@vite/client:524
[83638353ms] [ERROR] slide failed to load TypeError: Failed to fetch dynamically imported module: http://localhost:3030/@slidev/slides/9/md?t=1785245759722 @ http://localhost:3030/@vite/client:524
[83748189ms] [ERROR] Failed to load resource: net::ERR_CONNECTION_CLOSED @ https://fonts.googleapis.com/css2?family=Fraunces:opsz,wght@9..144,400..700&family=Hanken+Grotesk:wght@400..800&family=Plus+Jakarta+Sans:wght@400..800&family=Archivo:wght@400..800&family=Space+Mono:wght@400;700&family=JetBrains+Mono:wght@400;600;700&family=Anton&display=swap:0
[83779783ms] [ERROR] Failed to load resource: net::ERR_CONNECTION_CLOSED @ https://fonts.googleapis.com/css2?family=Fraunces:opsz,wght@9..144,400..700&family=Hanken+Grotesk:wght@400..800&family=Plus+Jakarta+Sans:wght@400..800&family=Archivo:wght@400..800&family=Space+Mono:wght@400;700&family=JetBrains+Mono:wght@400;600;700&family=Anton&display=swap:0
[83782760ms] [ERROR] Failed to load resource: the server responded with a status of 500 (Internal Server Error) @ http://localhost:3030/slides.md__slidev_9.md?import&t=1785245952214:0
[83782762ms] [ERROR] slide failed to load TypeError: Failed to fetch dynamically imported module: http://localhost:3030/@slidev/slides/9/md?t=1785245952214 @ http://localhost:3030/@vite/client:524
[83782762ms] [ERROR] slide failed to load TypeError: Failed to fetch dynamically imported module: http://localhost:3030/@slidev/slides/9/md?t=1785245952214 @ http://localhost:3030/@vite/client:524
[83816453ms] [ERROR] Failed to load resource: net::ERR_CONNECTION_CLOSED @ https://fonts.googleapis.com/css2?family=Fraunces:opsz,wght@9..144,400..700&family=Hanken+Grotesk:wght@400..800&family=Plus+Jakarta+Sans:wght@400..800&family=Archivo:wght@400..800&family=Space+Mono:wght@400;700&family=JetBrains+Mono:wght@400;600;700&family=Anton&display=swap:0
[83840295ms] [ERROR] Failed to load resource: net::ERR_CONNECTION_CLOSED @ https://fonts.googleapis.com/css2?family=Fraunces:opsz,wght@9..144,400..700&family=Hanken+Grotesk:wght@400..800&family=Plus+Jakarta+Sans:wght@400..800&family=Archivo:wght@400..800&family=Space+Mono:wght@400;700&family=JetBrains+Mono:wght@400;600;700&family=Anton&display=swap:0
[83920296ms] [ERROR] Failed to load resource: the server responded with a status of 500 (Internal Server Error) @ http://localhost:3030/slides.md__slidev_17.md?import&t=1785246093164:0
[83920296ms] [INFO] [hmr] /slides.md__slidev_17.md failed to apply HMR as it's within a circular import. Reloading page to reset the execution order. To debug and break the circular import, you can run `vite --debug hmr` to log the circular dependency path if a file change triggered it. @ http://localhost:3030/@vite/client:944
[83920296ms] [ERROR] [vite] Failed to reload /slides.md__slidev_17.md. This could be due to syntax errors or importing non-existent modules. (see errors above) @ http://localhost:3030/@vite/client:524
[83920931ms] [ERROR] Failed to load resource: the server responded with a status of 500 (Internal Server Error) @ http://localhost:3030/slides.md__slidev_17.md?import&t=1785246093164:0
[83920932ms] [ERROR] slide failed to load TypeError: Failed to fetch dynamically imported module: http://localhost:3030/@slidev/slides/17/md?t=1785246093164 @ http://localhost:3030/@vite/client:524
[83920932ms] [ERROR] slide failed to load TypeError: Failed to fetch dynamically imported module: http://localhost:3030/@slidev/slides/17/md?t=1785246093164 @ http://localhost:3030/@vite/client:524
[83920932ms] [ERROR] slide failed to load TypeError: Failed to fetch dynamically imported module: http://localhost:3030/@slidev/slides/17/md?t=1785246093164 @ http://localhost:3030/@vite/client:524
[83921044ms] [ERROR] Failed to load resource: net::ERR_CONNECTION_CLOSED @ https://fonts.googleapis.com/css2?family=Fraunces:opsz,wght@9..144,400..700&family=Hanken+Grotesk:wght@400..800&family=Plus+Jakarta+Sans:wght@400..800&family=Archivo:wght@400..800&family=Space+Mono:wght@400;700&family=JetBrains+Mono:wght@400;600;700&family=Anton&display=swap:0
[83922542ms] [ERROR] slide failed to load TypeError: Failed to fetch dynamically imported module: http://localhost:3030/@slidev/slides/17/md?t=1785246093164 @ http://localhost:3030/@vite/client:524
[83923436ms] [ERROR] slide failed to load TypeError: Failed to fetch dynamically imported module: http://localhost:3030/@slidev/slides/17/md?t=1785246093164 @ http://localhost:3030/@vite/client:524
[83923713ms] [ERROR] slide failed to load TypeError: Failed to fetch dynamically imported module: http://localhost:3030/@slidev/slides/17/md?t=1785246093164 @ http://localhost:3030/@vite/client:524
[83923713ms] [ERROR] slide failed to load TypeError: Failed to fetch dynamically imported module: http://localhost:3030/@slidev/slides/17/md?t=1785246093164 @ http://localhost:3030/@vite/client:524
[83923896ms] [ERROR] slide failed to load TypeError: Failed to fetch dynamically imported module: http://localhost:3030/@slidev/slides/17/md?t=1785246093164 @ http://localhost:3030/@vite/client:524
[83963523ms] [ERROR] Failed to load resource: the server responded with a status of 500 (Internal Server Error) @ http://localhost:3030/slides.md__slidev_17.md?import&t=1785246135796:0
[83963523ms] [ERROR] slide failed to load TypeError: Failed to fetch dynamically imported module: http://localhost:3030/@slidev/slides/17/md?t=1785246135796 @ http://localhost:3030/@vite/client:524
[83963523ms] [ERROR] slide failed to load TypeError: Failed to fetch dynamically imported module: http://localhost:3030/@slidev/slides/17/md?t=1785246135796 @ http://localhost:3030/@vite/client:524
[83963523ms] [ERROR] slide failed to load TypeError: Failed to fetch dynamically imported module: http://localhost:3030/@slidev/slides/17/md?t=1785246135796 @ http://localhost:3030/@vite/client:524
[83963531ms] [ERROR] Failed to load resource: net::ERR_CONNECTION_CLOSED @ https://fonts.googleapis.com/css2?family=Fraunces:opsz,wght@9..144,400..700&family=Hanken+Grotesk:wght@400..800&family=Plus+Jakarta+Sans:wght@400..800&family=Archivo:wght@400..800&family=Space+Mono:wght@400;700&family=JetBrains+Mono:wght@400;600;700&family=Anton&display=swap:0
[83966444ms] [ERROR] slide failed to load TypeError: Failed to fetch dynamically imported module: http://localhost:3030/@slidev/slides/17/md?t=1785246135796 @ http://localhost:3030/@vite/client:524
[84092922ms] [ERROR] slide failed to load TypeError: Failed to fetch dynamically imported module: http://localhost:3030/@slidev/slides/17/md?t=1785246135796 @ http://localhost:3030/@vite/client:524
[84132762ms] [ERROR] slide failed to load TypeError: Failed to fetch dynamically imported module: http://localhost:3030/@slidev/slides/17/md?t=1785246135796 @ http://localhost:3030/@vite/client:524
[84133224ms] [ERROR] slide failed to load TypeError: Failed to fetch dynamically imported module: http://localhost:3030/@slidev/slides/17/md?t=1785246135796 @ http://localhost:3030/@vite/client:524
[84133224ms] [ERROR] slide failed to load TypeError: Failed to fetch dynamically imported module: http://localhost:3030/@slidev/slides/17/md?t=1785246135796 @ http://localhost:3030/@vite/client:524
[85256825ms] [ERROR] slide failed to load TypeError: Failed to fetch dynamically imported module: http://localhost:3030/@slidev/slides/17/md?t=1785246135796 @ http://localhost:3030/@vite/client:524
[85371832ms] [ERROR] slide failed to load TypeError: Failed to fetch dynamically imported module: http://localhost:3030/@slidev/slides/17/md?t=1785246135796 @ http://localhost:3030/@vite/client:524
[85372705ms] [ERROR] slide failed to load TypeError: Failed to fetch dynamically imported module: http://localhost:3030/@slidev/slides/17/md?t=1785246135796 @ http://localhost:3030/@vite/client:524
[85372705ms] [ERROR] slide failed to load TypeError: Failed to fetch dynamically imported module: http://localhost:3030/@slidev/slides/17/md?t=1785246135796 @ http://localhost:3030/@vite/client:524
[85373383ms] [ERROR] slide failed to load TypeError: Failed to fetch dynamically imported module: http://localhost:3030/@slidev/slides/17/md?t=1785246135796 @ http://localhost:3030/@vite/client:524
[87064903ms] [LOG] [vite] server connection lost. Polling for restart... @ http://localhost:3030/@vite/client:992
[87255173ms] [ERROR] Failed to load resource: net::ERR_CONNECTION_TIMED_OUT @ https://fonts.googleapis.com/css2?family=Fraunces:opsz,wght@9..144,400..700&family=Hanken+Grotesk:wght@400..800&family=Plus+Jakarta+Sans:wght@400..800&family=Archivo:wght@400..800&family=Space+Mono:wght@400;700&family=JetBrains+Mono:wght@400;600;700&family=Anton&display=swap:0
[89427577ms] [LOG] [vite] server connection lost. Polling for restart... @ http://localhost:3030/@vite/client:992
[134392050ms] [LOG] [vite] server connection lost. Polling for restart... @ http://localhost:3030/@vite/client:992
